# serializer version: 1
# name: test_post_process_FILM
  '''
  1
  00:00:00,000 --> 00:00:00,050
  F#: 00001; Prompt:  tiny cute swamp bunny, highly detailed, intricate, ultra hd, sharp photo, crepuscular rays, in focus
  
  2
  00:00:00,050 --> 00:00:00,550
  F#: 00011; Prompt:  tiny cute swamp bunny, highly detailed, intricate, ultra hd, sharp photo, crepuscular rays, in focus
  
  
  '''
# ---
# name: test_post_process_RIFE
  '''
  1
  00:00:00,000 --> 00:00:00,050
  F#: 00001; Prompt:  tiny cute swamp bunny, highly detailed, intricate, ultra hd, sharp photo, crepuscular rays, in focus
  
  2
  00:00:00,050 --> 00:00:00,550
  F#: 00011; Prompt:  tiny cute swamp bunny, highly detailed, intricate, ultra hd, sharp photo, crepuscular rays, in focus
  
  
  '''
# ---
# name: test_post_process_UPSCALE
  '''
  1
  00:00:00,000 --> 00:00:00,050
  F#: 00001; Prompt:  tiny cute swamp bunny, highly detailed, intricate, ultra hd, sharp photo, crepuscular rays, in focus
  
  2
  00:00:00,050 --> 00:00:00,550
  F#: 00011; Prompt:  tiny cute swamp bunny, highly detailed, intricate, ultra hd, sharp photo, crepuscular rays, in focus
  
  
  '''
# ---
